
  .   ____          _            __ _ _
 /\\ / ___'_ __ _ _(_)_ __  __ _ \ \ \ \
( ( )\___ | '_ | '_| | '_ \/ _` | \ \ \ \
 \\/  ___)| |_)| | | | | || (_| |  ) ) ) )
  '  |____| .__|_| |_|_| |_\__, | / / / /
 =========|_|==============|___/=/_/_/_/

 :: Spring Boot ::                (v3.5.0)

2025-11-08T16:26:10.612-03:00  INFO 8284 --- [           main] com.example.cadastro.Application         : Starting Application v1.0.0 using Java 24.0.2 with PID 8284 (C:\Users\vini\Documents\area de trabalho 2\sistema-petshop\pet-pluss-jeff-cadastro\Cadastro\target\cadastro-1.0.0.jar started by vini in C:\Users\vini\Documents\area de trabalho 2\sistema-petshop\pet-pluss-jeff-cadastro\Cadastro)
2025-11-08T16:26:10.614-03:00  INFO 8284 --- [           main] com.example.cadastro.Application         : The following 1 profile is active: "dev"
2025-11-08T16:26:11.365-03:00  INFO 8284 --- [           main] .s.d.r.c.RepositoryConfigurationDelegate : Multiple Spring Data modules found, entering strict repository configuration mode
2025-11-08T16:26:11.367-03:00  INFO 8284 --- [           main] .s.d.r.c.RepositoryConfigurationDelegate : Bootstrapping Spring Data JPA repositories in DEFAULT mode.
2025-11-08T16:26:11.425-03:00  INFO 8284 --- [           main] .RepositoryConfigurationExtensionSupport : Spring Data JPA - Could not safely identify store assignment for repository candidate interface com.example.cadastro.repository.ProntuarioRepository; If you want this repository to be a JPA repository, consider annotating your entities with one of these annotations: jakarta.persistence.Entity, jakarta.persistence.MappedSuperclass (preferred), or consider extending one of the following types with your repository: org.springframework.data.jpa.repository.JpaRepository
2025-11-08T16:26:11.445-03:00  INFO 8284 --- [           main] .s.d.r.c.RepositoryConfigurationDelegate : Finished Spring Data repository scanning in 60 ms. Found 5 JPA repository interfaces.
2025-11-08T16:26:12.086-03:00  INFO 8284 --- [           main] o.s.b.w.embedded.tomcat.TomcatWebServer  : Tomcat initialized with port 8080 (http)
2025-11-08T16:26:12.110-03:00  INFO 8284 --- [           main] o.apache.catalina.core.StandardService   : Starting service [Tomcat]
2025-11-08T16:26:12.110-03:00  INFO 8284 --- [           main] o.apache.catalina.core.StandardEngine    : Starting Servlet engine: [Apache Tomcat/10.1.41]
2025-11-08T16:26:12.143-03:00  INFO 8284 --- [           main] o.a.c.c.C.[Tomcat].[localhost].[/]       : Initializing Spring embedded WebApplicationContext
2025-11-08T16:26:12.143-03:00  INFO 8284 --- [           main] w.s.c.ServletWebServerApplicationContext : Root WebApplicationContext: initialization completed in 1464 ms
2025-11-08T16:26:12.288-03:00  INFO 8284 --- [           main] o.hibernate.jpa.internal.util.LogHelper  : HHH000204: Processing PersistenceUnitInfo [name: default]
2025-11-08T16:26:12.352-03:00  INFO 8284 --- [           main] org.hibernate.Version                    : HHH000412: Hibernate ORM core version 6.6.15.Final
2025-11-08T16:26:12.397-03:00  INFO 8284 --- [           main] o.h.c.internal.RegionFactoryInitiator    : HHH000026: Second-level cache disabled
2025-11-08T16:26:12.726-03:00  INFO 8284 --- [           main] o.s.o.j.p.SpringPersistenceUnitInfo      : No LoadTimeWeaver setup: ignoring JPA class transformer
2025-11-08T16:26:12.762-03:00  INFO 8284 --- [           main] com.zaxxer.hikari.HikariDataSource       : HikariPool-1 - Starting...
2025-11-08T16:26:12.919-03:00  INFO 8284 --- [           main] com.zaxxer.hikari.pool.HikariPool        : HikariPool-1 - Added connection conn0: url=jdbc:h2:mem:cadastro user=SA
2025-11-08T16:26:12.920-03:00  INFO 8284 --- [           main] com.zaxxer.hikari.HikariDataSource       : HikariPool-1 - Start completed.
2025-11-08T16:26:12.940-03:00  WARN 8284 --- [           main] org.hibernate.orm.deprecation            : HHH90000025: H2Dialect does not need to be specified explicitly using 'hibernate.dialect' (remove the property setting and it will be selected by default)
2025-11-08T16:26:12.956-03:00  INFO 8284 --- [           main] org.hibernate.orm.connections.pooling    : HHH10001005: Database info:
	Database JDBC URL [Connecting through datasource 'HikariDataSource (HikariPool-1)']
	Database driver: undefined/unknown
	Database version: 2.3.232
	Autocommit mode: undefined/unknown
	Isolation level: undefined/unknown
	Minimum pool size: undefined/unknown
	Maximum pool size: undefined/unknown
2025-11-08T16:26:13.643-03:00  INFO 8284 --- [           main] o.h.e.t.j.p.i.JtaPlatformInitiator       : HHH000489: No JTA platform available (set 'hibernate.transaction.jta.platform' to enable JTA platform integration)
Hibernate: drop table if exists animais cascade 
Hibernate: drop table if exists clientes cascade 
Hibernate: drop table if exists consultas cascade 
Hibernate: drop table if exists grupos_usuarios cascade 
Hibernate: drop table if exists usuarios cascade 
Hibernate: create table animais (data_nascimento date, id_animal integer generated by default as identity, id_cliente integer, especie varchar(30), raca varchar(30), nome varchar(50), primary key (id_animal))
Hibernate: create table clientes (id_cliente integer generated by default as identity, cpf varchar(11) unique, telefone varchar(15), nome varchar(100) not null, primary key (id_cliente))
Hibernate: create table consultas (id_animal integer, data_hora timestamp(6), status varchar(20), id_consulta varchar(50) not null, id_veterinario varchar(50), primary key (id_consulta))
Hibernate: create table grupos_usuarios (id_grupo integer generated by default as identity, nome_grupo varchar(50) not null unique, primary key (id_grupo))
Hibernate: create table usuarios (ativo boolean not null, id_grupo integer, id_usuario varchar(50) not null, email varchar(100) not null unique, nome varchar(100) not null, hash_senha varchar(255) not null, primary key (id_usuario))
Hibernate: alter table if exists animais add constraint FKmuc3eoc94tmkrvol66mxi0a87 foreign key (id_cliente) references clientes
Hibernate: alter table if exists consultas add constraint FKjkgi67xodd9y8ivlovys5fvn0 foreign key (id_animal) references animais
Hibernate: alter table if exists consultas add constraint FK7wrxo09vagkawgsrbptvk86lp foreign key (id_veterinario) references usuarios
Hibernate: alter table if exists usuarios add constraint FKausas9bx26cxmlyewn4jqv8pa foreign key (id_grupo) references grupos_usuarios
2025-11-08T16:26:13.695-03:00  INFO 8284 --- [           main] j.LocalContainerEntityManagerFactoryBean : Initialized JPA EntityManagerFactory for persistence unit 'default'
2025-11-08T16:26:14.140-03:00  INFO 8284 --- [           main] o.s.d.j.r.query.QueryEnhancerFactory     : Hibernate is in classpath; If applicable, HQL parser will be used.
Hibernate: select count(*) from usuarios u1_0
Hibernate: select count(*) from clientes c1_0
Hibernate: insert into grupos_usuarios (nome_grupo,id_grupo) values (?,default)
Hibernate: insert into grupos_usuarios (nome_grupo,id_grupo) values (?,default)
Hibernate: select u1_0.id_usuario,u1_0.ativo,u1_0.email,u1_0.id_grupo,u1_0.hash_senha,u1_0.nome from usuarios u1_0 where u1_0.id_usuario=?
Hibernate: insert into usuarios (ativo,email,id_grupo,hash_senha,nome,id_usuario) values (?,?,?,?,?,?)
Hibernate: select u1_0.id_usuario,u1_0.ativo,u1_0.email,u1_0.id_grupo,u1_0.hash_senha,u1_0.nome from usuarios u1_0 where u1_0.id_usuario=?
Hibernate: insert into usuarios (ativo,email,id_grupo,hash_senha,nome,id_usuario) values (?,?,?,?,?,?)
Hibernate: insert into clientes (cpf,nome,telefone,id_cliente) values (?,?,?,default)
Hibernate: insert into animais (id_cliente,data_nascimento,especie,nome,raca,id_animal) values (?,?,?,?,?,default)
2025-11-08T16:26:14.893-03:00  WARN 8284 --- [           main] JpaBaseConfiguration$JpaWebConfiguration : spring.jpa.open-in-view is enabled by default. Therefore, database queries may be performed during view rendering. Explicitly configure spring.jpa.open-in-view to disable this warning
2025-11-08T16:26:14.929-03:00  INFO 8284 --- [           main] r$InitializeUserDetailsManagerConfigurer : Global AuthenticationManager configured with UserDetailsService bean with name userDetailsServiceImpl
2025-11-08T16:26:15.053-03:00  INFO 8284 --- [           main] o.s.b.a.w.s.WelcomePageHandlerMapping    : Adding welcome page: class path resource [static/index.html]
2025-11-08T16:26:15.354-03:00  INFO 8284 --- [           main] o.s.b.a.h2.H2ConsoleAutoConfiguration    : H2 console available at '/h2-console'. Database available at 'jdbc:h2:mem:cadastro'
2025-11-08T16:26:15.472-03:00  INFO 8284 --- [           main] o.s.b.w.embedded.tomcat.TomcatWebServer  : Tomcat started on port 8080 (http) with context path '/'
2025-11-08T16:26:15.488-03:00  INFO 8284 --- [           main] com.example.cadastro.Application         : Started Application in 5.347 seconds (process running for 5.824)
2025-11-08T16:26:36.614-03:00  INFO 8284 --- [nio-8080-exec-1] o.a.c.c.C.[Tomcat].[localhost].[/]       : Initializing Spring DispatcherServlet 'dispatcherServlet'
2025-11-08T16:26:36.614-03:00  INFO 8284 --- [nio-8080-exec-1] o.s.web.servlet.DispatcherServlet        : Initializing Servlet 'dispatcherServlet'
2025-11-08T16:26:36.615-03:00  INFO 8284 --- [nio-8080-exec-1] o.s.web.servlet.DispatcherServlet        : Completed initialization in 1 ms
Hibernate: select u1_0.id_usuario,u1_0.ativo,u1_0.email,u1_0.id_grupo,u1_0.hash_senha,u1_0.nome from usuarios u1_0 where u1_0.email=?
Hibernate: select gu1_0.id_grupo,gu1_0.nome_grupo from grupos_usuarios gu1_0 where gu1_0.id_grupo=?
Hibernate: select u1_0.id_usuario,u1_0.ativo,u1_0.email,u1_0.id_grupo,u1_0.hash_senha,u1_0.nome from usuarios u1_0 where u1_0.email=?
Hibernate: select u1_0.id_usuario,u1_0.ativo,u1_0.email,u1_0.id_grupo,u1_0.hash_senha,u1_0.nome from usuarios u1_0 where u1_0.email=?
Hibernate: select gu1_0.id_grupo,gu1_0.nome_grupo from grupos_usuarios gu1_0 where gu1_0.id_grupo=?
Hibernate: select c1_0.id_cliente,c1_0.cpf,c1_0.nome,c1_0.telefone from clientes c1_0
